[backblue.gif]
[fade.gif]
[index.html]
[localhost/wp-includes/js/jquery/jquery.min9d52.js]
[localhost/wp-includes/js/jquery/jquery-migrate.mind617.js]
[localhost/wp-json/wp/v2/pages/12.json]
[localhost/wp-json/index.html]
[localhost/xmlrpc0db0.php]
[localhost/wp-includes/wlwmanifest.xml]
[localhost/wp-json/oembed/1.0/embed1408.json]
[localhost/wp-json/oembed/1.0/embed7e56]
[localhost/wp-content/themes/semplice5/assets/js/frontend.scripts.min58e0.js]
[localhost/wp-includes/js/mediaelement/mediaelement-and-player.min08e1.js]
[localhost/wp-includes/js/mediaelement/mediaelement-migrate.mind96d.js]
[localhost/wp-content/themes/semplice5/assets/js/frontend.min58e0.js]
[localhost/wp-includes/js/wp-embed.mind96d.js]
[localhost/index.html]
[localhost/wp-includes/css/dist/block-library/style.mind96d.css]
[localhost/wp-content/themes/semplice5/style58e0.css]
[localhost/wp-content/themes/semplice5/assets/images/admin/select_box_arrow.png]
[localhost/wp-content/themes/semplice5/assets/images/frontend/mediaelement/bigplay.png]
[localhost/wp-content/themes/semplice5/assets/images/frontend/photoswipe/default-skin.png]
[localhost/wp-content/themes/semplice5/assets/css/frontend.min58e0.css]
[localhost/wp-includes/js/mediaelement/mediaelementplayer-legacy.min08e1.css]
[localhost/wp-content/themes/semplice5/assets/images/admin/icons/module_socialprofiles.svg]
[localhost/wp-content/themes/semplice5/assets/images/admin/placeholders/mp_bg_image.svg]
[localhost/wp-content/themes/semplice5/assets/images/admin/placeholders/mp_bg_gallery.svg]
[localhost/wp-content/themes/semplice5/assets/images/admin/placeholders/mp_bg_gallerygrid.svg]
[localhost/wp-content/themes/semplice5/assets/images/admin/placeholders/mp_bg_video.svg]
[localhost/wp-content/themes/semplice5/assets/images/admin/placeholders/mp_bg_oembed.svg]
[localhost/wp-content/themes/semplice5/assets/images/admin/placeholders/mp_bg_portfoliogrid.svg]
[localhost/wp-content/themes/semplice5/assets/images/admin/placeholders/mp_bg_code.svg]
[localhost/wp-content/themes/semplice5/assets/images/admin/placeholders/mp_bg_dribbble.svg]
[localhost/wp-content/themes/semplice5/assets/images/admin/placeholders/mp_bg_instagram.svg]
[localhost/wp-content/themes/semplice5/assets/images/admin/placeholders/mp_bg_beforeafter.svg]
[localhost/wp-content/themes/semplice5/assets/images/frontend/icons/password_submit.svg]
[localhost/wp-content/themes/semplice5/assets/images/frontend/mediaelement/controls_old.svg]
[localhost/wp-content/themes/semplice5/assets/images/frontend/mediaelement/controls_recent.svg]
[localhost/wp-content/themes/semplice5/assets/images/frontend/photoswipe/default-skin.svg]
[localhost/wp-content/themes/semplice5/assets/images/frontend/photoswipe/preloader.html]
[localhost/wp-includes/js/mediaelement/mejs-controls.svg]
